// Jest Snapshot v1, https://goo.gl/fbAQLP

exports[`App should match Snap shot 1`] = `
<div
  className="App"
>
  <Header
    signOut={[Function]}
    togglePage={[Function]}
  />
  <login
    createNewAccount={[Function]}
    loginToAccount={[Function]}
    users={Array []}
  />
</div>
`;
