// Jest Snapshot v1, https://goo.gl/fbAQLP

exports[`PlayerStatus shold match the snapshot 1`] = `
<div
  className="status-section"
>
  <h2>
    GABRIEL
  </h2>
</div>
`;
