// Jest Snapshot v1, https://goo.gl/fbAQLP

exports[`RankContainer should pass test 1`] = `
<div
  className="rank-section"
>
  <h2>
    player rank
  </h2>
  <ul>
    <li
      key="0"
    >
      <p>
        #
        1
      </p>
      <p>
         
        duy
         
      </p>
      <p>
        3
         completed
      </p>
    </li>
    <li
      key="1"
    >
      <p>
        #
        2
      </p>
      <p>
         
        gabriel
         
      </p>
      <p>
        3
         completed
      </p>
    </li>
    <li
      key="2"
    >
      <p>
        #
        3
      </p>
      <p>
         
        isaac
         
      </p>
      <p>
        2
         completed
      </p>
    </li>
  </ul>
</div>
`;
